// Jest Snapshot v1, https://goo.gl/fbAQLP

exports[`should render ExpensesSummary with one expense 1`] = `
<div>
  <p>
    Viewing 
    1
     expenses totalling 
  </p>
</div>
`;

exports[`should render ExpensesSummary with two expense 1`] = `
<div>
  <p>
    Viewing 
    2
     expenses totalling 
  </p>
</div>
`;
